<?xml version="1.0" encoding="UTF-8" standalone="no"?>
<!DOCTYPE log SYSTEM "logger.dtd">
<log>
<record>
  <date>2026-09-25T11:08:03.655-0300</date>
  <logger>JOAO PEDRO MINA MEDEIROS</logger>
  <level>FINE</level>
  <message>File 20250018950-JOAO PEDRO MINA MEDEIROS.zip was received. It was sent by JOAO PEDRO MINA MEDEIROS from IP 150.165.74.82 at 25-09-2026 11*08*03</message>
</record>
</log>
<?xml version="1.0" encoding="UTF-8" standalone="no"?>
<!DOCTYPE log SYSTEM "logger.dtd">
<log>
<record>
  <date>2026-09-27T11:23:35.953-0300</date>
  <logger>JOAO PEDRO MINA MEDEIROS</logger>
  <level>FINE</level>
  <message>File 20250018950-JOAO PEDRO MINA MEDEIROS.zip was received. It was sent by JOAO PEDRO MINA MEDEIROS from IP 192.168.0.121 at 27-09-2026 11*23*35</message>
</record>
</log>
<?xml version="1.0" encoding="UTF-8" standalone="no"?>
<!DOCTYPE log SYSTEM "logger.dtd">
<log>
<record>
  <date>2026-09-30T09:03:13.243-0300</date>
  <logger>JOAO PEDRO MINA MEDEIROS</logger>
  <level>FINE</level>
  <message>File 20250018950-JOAO PEDRO MINA MEDEIROS.zip was received. It was sent by JOAO PEDRO MINA MEDEIROS from IP 150.165.74.100 at 30-09-2026 09*03*13</message>
</record>
</log>
<?xml version="1.0" encoding="UTF-8" standalone="no"?>
<!DOCTYPE log SYSTEM "logger.dtd">
<log>
<record>
  <date>2026-09-30T09:08:40.545-0300</date>
  <logger>JOAO PEDRO MINA MEDEIROS</logger>
  <level>FINE</level>
  <message>File 20250018950-JOAO PEDRO MINA MEDEIROS.zip was received. It was sent by JOAO PEDRO MINA MEDEIROS from IP 150.165.74.100 at 30-09-2026 09*08*40</message>
</record>
</log>
<?xml version="1.0" encoding="UTF-8" standalone="no"?>
<!DOCTYPE log SYSTEM "logger.dtd">
<log>
<record>
  <date>2026-09-30T09:11:11.052-0300</date>
  <logger>JOAO PEDRO MINA MEDEIROS</logger>
  <level>FINE</level>
  <message>File 20250018950-JOAO PEDRO MINA MEDEIROS.zip was received. It was sent by JOAO PEDRO MINA MEDEIROS from IP 150.165.74.100 at 30-09-2026 09*11*11</message>
</record>
</log>
<?xml version="1.0" encoding="UTF-8" standalone="no"?>
<!DOCTYPE log SYSTEM "logger.dtd">
<log>
<record>
  <date>2026-09-30T11:51:49.568-0300</date>
  <logger>JOAO PEDRO MINA MEDEIROS</logger>
  <level>FINE</level>
  <message>File 20250018950-JOAO PEDRO MINA MEDEIROS.zip was received. It was sent by JOAO PEDRO MINA MEDEIROS from IP 192.168.0.121 at 30-09-2026 11*51*49</message>
</record>
</log>
<?xml version="1.0" encoding="UTF-8" standalone="no"?>
<!DOCTYPE log SYSTEM "logger.dtd">
<log>
<record>
  <date>2026-09-30T13:24:46.701-0300</date>
  <logger>JOAO PEDRO MINA MEDEIROS</logger>
  <level>FINE</level>
  <message>File 20250018950-JOAO PEDRO MINA MEDEIROS.zip was received. It was sent by JOAO PEDRO MINA MEDEIROS from IP 192.168.0.121 at 30-09-2026 13*24*46</message>
</record>
</log>
<?xml version="1.0" encoding="UTF-8" standalone="no"?>
<!DOCTYPE log SYSTEM "logger.dtd">
<log>
<record>
  <date>2026-09-30T15:06:21.674-0300</date>
  <logger>JOAO PEDRO MINA MEDEIROS</logger>
  <level>FINE</level>
  <message>File 20250018950-JOAO PEDRO MINA MEDEIROS.zip was received. It was sent by JOAO PEDRO MINA MEDEIROS from IP 192.168.0.121 at 30-09-2026 15*06*21</message>
</record>
</log>
<?xml version="1.0" encoding="UTF-8" standalone="no"?>
<!DOCTYPE log SYSTEM "logger.dtd">
<log>
<record>
  <date>2026-09-30T21:24:10.045-0300</date>
  <logger>JOAO PEDRO MINA MEDEIROS</logger>
  <level>FINE</level>
  <message>File 20250018950-JOAO PEDRO MINA MEDEIROS.zip was received. It was sent by JOAO PEDRO MINA MEDEIROS from IP 192.168.0.121 at 30-09-2026 21*24*10</message>
</record>
</log>
<?xml version="1.0" encoding="UTF-8" standalone="no"?>
<!DOCTYPE log SYSTEM "logger.dtd">
<log>
<record>
  <date>2026-10-01T16:09:12.885-0300</date>
  <logger>JOAO PEDRO MINA MEDEIROS</logger>
  <level>FINE</level>
  <message>File 20250018950-JOAO PEDRO MINA MEDEIROS.zip was received. It was sent by JOAO PEDRO MINA MEDEIROS from IP 192.168.0.121 at 01-10-2026 16*09*12</message>
</record>
